
> bazaarstyle@0.1.0 build
> next build

node.exe : ÔÜá 
Warning: Next.js 
inferred your 
workspace root, but 
it may not be correct.
Au caractère Ligne:1 
: 1
+ & "C:\Program Files\
nodejs/node.exe" "C:\U
sers\HP\AppData\Roamin
g\npm ...
+ ~~~~~~~~~~~~~~~~~~~~
~~~~~~~~~~~~~~~~~~~~~~
~~~~~~~~~~~~~~~~~~~~~~
~~~~~
    + CategoryInfo    
          : NotSpeci  
  fied: (ÔÜá Warnin   
 g: Ne...not be co    
rrect.:String) []    
, RemoteException
    + FullyQualifiedE 
   rrorId : NativeCo  
  mmandError
 
 We detected multiple 
lockfiles and 
selected the 
directory of C:\Users\
HP\package-lock.json 
as the root directory.
 To silence this 
warning, set 
`turbopack.root` in 
your Next.js config, 
or consider removing 
one of the lockfiles 
if it's not needed.
   See https://nextjs.
org/docs/app/api-refer
ence/config/next-confi
g-js/turbopack#root-di
rectory for more 
information.
 Detected additional 
lockfiles: 
   * C:\Users\HP\Deskt
op\bazaarstyle\package
-lock.json

Ôû▓ Next.js 16.1.6 (Turbopack)
- Environments: .env.local

ÔÜá The "middleware" 
file convention is 
deprecated. Please 
use "proxy" instead. 
Learn more: https://ne
xtjs.org/docs/messages
/middleware-to-proxy
  Creating an optimized production build ...
Ô£ô Compiled successfully in 16.3s
  Running TypeScript ...
  Collecting page data using 7 workers ...
  Generating static pages using 7 workers (0/41) ...
  Generating static pages using 7 workers (10/41) 
  Generating static pages using 7 workers (20/41) 
  Generating static pages using 7 workers (30/41) 
Ô£ô Generating static pages using 7 workers (41/41) in 5.3s
  Finalizing page optimization ...

Route (app)
Ôöî Ôùï /
Ôö£ Ôùï /_not-found
Ôö£ Ôùï /account
Ôö£ Ôùï /account/addresses
Ôö£ Ôùï /account/orders
Ôö£ Ôùï /account/profile
Ôö£ Ôùï /account/settings
Ôö£ ãÆ /api/auth/custom-token
Ôö£ ãÆ /api/categories/create
Ôö£ ãÆ /api/categories/delete
Ôö£ ãÆ /api/categories/update
Ôö£ ãÆ /api/orders/update-status
Ôö£ ãÆ /api/products/create
Ôö£ ãÆ /api/products/delete
Ôö£ ãÆ /api/products/update
Ôö£ ãÆ /api/users/update-role
Ôö£ Ôùï /auth/login
Ôö£ Ôùï /auth/register
Ôö£ Ôùï /categories
Ôö£ ãÆ /categories/[slug]
Ôö£ Ôùï /checkout
Ôö£ ãÆ /dashboard
Ôö£ ãÆ /dashboard/analytics
Ôö£ ãÆ /dashboard/categories
Ôö£ ãÆ /dashboard/client
Ôö£ ãÆ /dashboard/client/favorites
Ôö£ ãÆ /dashboard/client/orders
Ôö£ ãÆ /dashboard/client/orders/[id]
Ôö£ ãÆ /dashboard/client/support
Ôö£ ãÆ /dashboard/historique
Ôö£ ãÆ /dashboard/messages
Ôö£ ãÆ /dashboard/offers
Ôö£ ãÆ /dashboard/orders
Ôö£ ãÆ /dashboard/products
Ôö£ ãÆ /dashboard/promo-codes
Ôö£ ãÆ /dashboard/settings
Ôö£ ãÆ /dashboard/stock
Ôö£ ãÆ /dashboard/support
Ôö£ ãÆ /dashboard/users
Ôö£ ãÆ /fastshop/[id]
Ôö£ Ôùï /icon.svg
Ôö£ Ôùï /products
Ôö£ ãÆ /products/[slug]
Ôöö Ôùï /tracking


ãÆ Proxy (Middleware)

Ôùï  (Static)   prerendered as static content
ãÆ  (Dynamic)  server-rendered on demand

